// Jest Snapshot v1, https://goo.gl/fbAQLP

exports[`An icon component matches snapshot 1`] = `
<svg
  aria-hidden="false"
  aria-label="Close"
  fill="currentColor"
  role="presentation"
  style="display: inline-block; user-select: none; overflow: visible;"
  viewBox="0 0 24 24"
  width="1em"
>
  <path
    d="M19 6.41L17.59 5 12 10.59 6.41 5 5 6.41 10.59 12 5 17.59 6.41 19 12 13.41 17.59 19 19 17.59 13.41 12z"
  />
  <path
    d="M0 0h24v24H0z"
    fill="none"
  />
</svg>
`;
